// Jest Snapshot v1, https://goo.gl/fbAQLP

exports[`result from poker card panel matches the rendered snapshot 1`] = `<div />`;
