// Jest Snapshot v1, https://goo.gl/fbAQLP

exports[`center card panel matches the rendered snapshot 1`] = `
<div>
  <AllCardsPanel />
</div>
`;
