// Jest Snapshot v1, https://goo.gl/fbAQLP

exports[`main center page after successful login matches the rendered snapshot 1`] = `ShallowWrapper {}`;
