// Jest Snapshot v1, https://goo.gl/fbAQLP

exports[`sign in page matches the rendered snapshot 1`] = `ShallowWrapper {}`;
