// Jest Snapshot v1, https://goo.gl/fbAQLP

exports[`copyright message matches the rendered snapshot 1`] = `ShallowWrapper {}`;
